{
withAttribute: string | null;
withoutAttribute?: string;
}